nohup: ignoring input

saved results-----------

number of tables=4

data numbers=20

T[0]=10.000000
T[1]=100.000000
T[2]=200.000000
T[3]=300.000000
T[4]=400.000000
T[5]=10.000000
T[6]=100.000000
T[7]=200.000000
T[8]=300.000000
T[9]=400.000000
T[10]=10.000000
T[11]=100.000000
T[12]=200.000000
T[13]=300.000000
T[14]=400.000000
T[15]=10.000000
T[16]=100.000000
T[17]=200.000000
T[18]=300.000000
T[19]=400.000000

h[0]=0.000000
h[1]=1000.000000
h[2]=2000.000000
h[3]=3000.000000
h[4]=4000.000000
h[5]=0.000000
h[6]=1001.000000
h[7]=2001.000000
h[8]=3001.000000
h[9]=4001.000000
h[10]=0.000000
h[11]=1000.000000
h[12]=2000.000000
h[13]=3000.000000
h[14]=4000.000000
h[15]=0.000000
h[16]=1000.000000
h[17]=2000.000000
h[18]=3000.000000
h[19]=4000.000000

k[0]=1.000000
k[1]=1.000000
k[2]=1.000000
k[3]=1.000000
k[4]=1.000000
k[5]=2.000000
k[6]=2.000000
k[7]=2.000000
k[8]=2.000000
k[9]=2.000000
k[10]=1.000000
k[11]=1.000000
k[12]=1.000000
k[13]=1.000000
k[14]=1.000000
k[15]=1.000000
k[16]=1.000000
k[17]=1.000000
k[18]=1.000000
k[19]=1.000000

mu[0]=0.001000
mu[1]=0.001000
mu[2]=0.001000
mu[3]=0.001000
mu[4]=0.001000
mu[5]=0.001000
mu[6]=0.001000
mu[7]=0.001000
mu[8]=0.001000
mu[9]=0.001000
mu[10]=0.000100
mu[11]=0.000100
mu[12]=0.000100
mu[13]=0.000100
mu[14]=0.000100
mu[15]=0.001000
mu[16]=0.001000
mu[17]=0.001000
mu[18]=0.001000
mu[19]=0.001000

N_data[0]=5
N_data[1]=10
N_data[2]=15
N_data[3]=0

Table_size[0]=5
Table_size[1]=5
Table_size[2]=5
Table_size[3]=-15

Table_index[0]=0
Table_index[1]=5
Table_index[2]=10
Table_index[3]=15

### GPU DEVICE PROPERTIES.................................

	Name: NVIDIA GeForce RTX 3090
	Compute capability: 8.6
	Clock rate: 1695000
	Total global memory: 25298141184
	Total constant memory: 65536
	Multiprocessor count: 82
	Shared mem per block: 49152
	Registers per block: 65536
	Threads in warp: 32
	Max threads per block: 1024
	Max thread dimensions: 1024,1024,64
	Max grid dimensions: 2147483647,65535,65535
...........................................................

 ------------------------------------------------------------
 SOPHIA_gpu v.1.0 
 Developed by E.S. Kim,Y.B. Jo,S.H. Park
 2017. 02. 20 
 Optimized by Y.W. Sim, CoCoLink Inc.
 2018, 2019(C) 
 Restructured & Innovated by Eung Soo Kim, Hee Sang Yoo, Young Beom Jo, Hae Yoon Choi, Su-San Park, Jin Woo Kim, Yelyn Ahn, Tae Soo Choi
 ESLAB, SEOUL NATIONAL UNIVERSITY, SOUTH KOREA.
 2019. 08. 08 
------------------------------------------------------------

Input Files have been sucessfully read!!
Total number of SPH particles: 117994
Total number of DEM particles: 4580
Number of SPH particles: 117994
Number of DEM particles: 4580
Input Files have been sucessfully read!!
Number of particles per GPU: 122574
Number of SPH particles per GPU: 117994
Number of DEM particles per GPU: 4580
part2: 122574, part2_sph: 117994, part2_dem: 4580

-----------------------------------------------------------
GPU Domain Division Success
-----------------------------------------------------------

-----------------------------------------------------------
Input Summary: 
-----------------------------------------------------------
	Total number of particles=122574
	Device number of particles=122574
	P2P number of particles=0
	NI=16,	NJ=16,	NK=21
-----------------------------------------------------------

-----------------------------------------------------------
Input Check: 
-----------------------------------------------------------
x min, max : -0.014000 0.014000
y min, max : -0.014000 0.014000
z min, max : -0.022750 0.013750
Cell Size(dcell) 0.001760
Number of Cells Per a GPU in x-direction(calc_area) 16
Decouple Stride 1
-----------------------------------------------------------


-----------------------------
Start Simultion!!
-----------------------------

decouple_stride = 1
save plot...........................
test Particle 4580
time = 0.000000


10000	 rho_max_sph= 1.78	u_max_sph=24.51	ftotal_max_sph=1755108.61

10000	 rho_max_dem=5700.00	u_max_dem= 0.61	ftotal_max_dem= 0.00

20000	 rho_max_sph= 1.78	u_max_sph=24.44	ftotal_max_sph=1365610.01

20000	 rho_max_dem=5700.00	u_max_dem= 0.62	ftotal_max_dem= 0.00

30000	 rho_max_sph= 1.78	u_max_sph=24.40	ftotal_max_sph=935205.14

30000	 rho_max_dem=5700.00	u_max_dem= 0.82	ftotal_max_dem= 0.00

40000	 rho_max_sph= 1.78	u_max_sph=24.38	ftotal_max_sph=758671.00

40000	 rho_max_dem=5700.00	u_max_dem= 0.93	ftotal_max_dem= 0.00

50000	 rho_max_sph= 1.78	u_max_sph=24.38	ftotal_max_sph=528965.34

50000	 rho_max_dem=5700.00	u_max_dem= 1.04	ftotal_max_dem= 0.00

60000	 rho_max_sph= 1.78	u_max_sph=24.38	ftotal_max_sph=373422.60

60000	 rho_max_dem=5700.00	u_max_dem= 0.99	ftotal_max_dem= 0.00

70000	 rho_max_sph= 1.78	u_max_sph=24.38	ftotal_max_sph=263580.11

70000	 rho_max_dem=5700.00	u_max_dem= 1.06	ftotal_max_dem= 0.00

80000	 rho_max_sph= 1.78	u_max_sph=24.39	ftotal_max_sph=210309.46

80000	 rho_max_dem=5700.00	u_max_dem= 1.11	ftotal_max_dem= 0.00

90000	 rho_max_sph= 1.78	u_max_sph=24.39	ftotal_max_sph=193959.23

90000	 rho_max_dem=5700.00	u_max_dem= 0.89	ftotal_max_dem= 0.00

100000	 rho_max_sph= 1.78	u_max_sph=24.39	ftotal_max_sph=159913.23

100000	 rho_max_dem=5700.00	u_max_dem= 0.88	ftotal_max_dem= 0.00

save plot...........................
test Particle 4580
time = 0.005000


110000	 rho_max_sph= 1.78	u_max_sph=24.39	ftotal_max_sph=160376.58

110000	 rho_max_dem=5700.00	u_max_dem= 0.87	ftotal_max_dem= 0.00

120000	 rho_max_sph= 1.78	u_max_sph=24.39	ftotal_max_sph=160671.45

120000	 rho_max_dem=5700.00	u_max_dem= 0.88	ftotal_max_dem= 0.00

130000	 rho_max_sph= 1.78	u_max_sph=24.39	ftotal_max_sph=160805.53

130000	 rho_max_dem=5700.00	u_max_dem= 0.88	ftotal_max_dem= 0.00

140000	 rho_max_sph= 1.78	u_max_sph=24.39	ftotal_max_sph=160885.74

140000	 rho_max_dem=5700.00	u_max_dem= 0.89	ftotal_max_dem= 0.00

150000	 rho_max_sph= 1.78	u_max_sph=24.39	ftotal_max_sph=160964.27

150000	 rho_max_dem=5700.00	u_max_dem= 0.85	ftotal_max_dem= 0.00

160000	 rho_max_sph= 1.78	u_max_sph=24.39	ftotal_max_sph=161010.45

160000	 rho_max_dem=5700.00	u_max_dem= 0.88	ftotal_max_dem= 0.00

170000	 rho_max_sph= 1.78	u_max_sph=24.39	ftotal_max_sph=161010.85

170000	 rho_max_dem=5700.00	u_max_dem= 0.92	ftotal_max_dem= 0.00

180000	 rho_max_sph= 1.78	u_max_sph=24.39	ftotal_max_sph=160990.34

180000	 rho_max_dem=5700.00	u_max_dem= 0.96	ftotal_max_dem= 0.00

190000	 rho_max_sph= 1.78	u_max_sph=24.39	ftotal_max_sph=161008.63

190000	 rho_max_dem=5700.00	u_max_dem= 0.96	ftotal_max_dem= 0.00

200000	 rho_max_sph= 1.78	u_max_sph=24.39	ftotal_max_sph=161024.12

200000	 rho_max_dem=5700.00	u_max_dem= 1.00	ftotal_max_dem= 0.00

save plot...........................
test Particle 4580
time = 0.010000


210000	 rho_max_sph= 1.78	u_max_sph=24.39	ftotal_max_sph=161024.80

210000	 rho_max_dem=5700.00	u_max_dem= 0.87	ftotal_max_dem= 0.00

220000	 rho_max_sph= 1.78	u_max_sph=24.39	ftotal_max_sph=161013.54

220000	 rho_max_dem=5700.00	u_max_dem= 0.92	ftotal_max_dem= 0.00

230000	 rho_max_sph= 1.78	u_max_sph=24.39	ftotal_max_sph=161014.01

230000	 rho_max_dem=5700.00	u_max_dem= 0.90	ftotal_max_dem= 0.00

240000	 rho_max_sph= 1.78	u_max_sph=24.39	ftotal_max_sph=161015.29

240000	 rho_max_dem=5700.00	u_max_dem= 0.90	ftotal_max_dem= 0.00

250000	 rho_max_sph= 1.78	u_max_sph=24.39	ftotal_max_sph=161016.82

250000	 rho_max_dem=5700.00	u_max_dem= 0.93	ftotal_max_dem= 0.00

260000	 rho_max_sph= 1.78	u_max_sph=24.39	ftotal_max_sph=161018.26

260000	 rho_max_dem=5700.00	u_max_dem= 0.91	ftotal_max_dem= 0.00

270000	 rho_max_sph= 1.78	u_max_sph=24.39	ftotal_max_sph=161010.83

270000	 rho_max_dem=5700.00	u_max_dem= 0.93	ftotal_max_dem= 0.00

280000	 rho_max_sph= 1.78	u_max_sph=24.39	ftotal_max_sph=161009.35

280000	 rho_max_dem=5700.00	u_max_dem= 0.94	ftotal_max_dem= 0.00

290000	 rho_max_sph= 1.78	u_max_sph=24.39	ftotal_max_sph=161010.03

290000	 rho_max_dem=5700.00	u_max_dem= 0.95	ftotal_max_dem= 0.00

300000	 rho_max_sph= 1.78	u_max_sph=24.39	ftotal_max_sph=161014.38

300000	 rho_max_dem=5700.00	u_max_dem= 0.96	ftotal_max_dem= 0.00

save plot...........................
test Particle 4580
time = 0.015000


310000	 rho_max_sph= 1.78	u_max_sph=24.39	ftotal_max_sph=161013.23

310000	 rho_max_dem=5700.00	u_max_dem= 0.92	ftotal_max_dem= 0.00

320000	 rho_max_sph= 1.78	u_max_sph=24.39	ftotal_max_sph=161015.63

320000	 rho_max_dem=5700.00	u_max_dem= 0.91	ftotal_max_dem= 0.00

330000	 rho_max_sph= 1.78	u_max_sph=24.39	ftotal_max_sph=161015.70

330000	 rho_max_dem=5700.00	u_max_dem= 0.94	ftotal_max_dem= 0.00

340000	 rho_max_sph= 1.78	u_max_sph=24.39	ftotal_max_sph=161017.05

340000	 rho_max_dem=5700.00	u_max_dem= 0.97	ftotal_max_dem= 0.00

350000	 rho_max_sph= 1.78	u_max_sph=24.39	ftotal_max_sph=161015.95

350000	 rho_max_dem=5700.00	u_max_dem= 1.00	ftotal_max_dem= 0.00

360000	 rho_max_sph= 1.78	u_max_sph=24.39	ftotal_max_sph=161015.12

360000	 rho_max_dem=5700.00	u_max_dem= 1.03	ftotal_max_dem= 0.00

370000	 rho_max_sph= 1.78	u_max_sph=24.39	ftotal_max_sph=161016.01

370000	 rho_max_dem=5700.00	u_max_dem= 1.05	ftotal_max_dem= 0.00

380000	 rho_max_sph= 1.78	u_max_sph=24.39	ftotal_max_sph=161014.96

380000	 rho_max_dem=5700.00	u_max_dem= 1.09	ftotal_max_dem= 0.00

390000	 rho_max_sph= 1.78	u_max_sph=24.39	ftotal_max_sph=161016.94

390000	 rho_max_dem=5700.00	u_max_dem= 1.14	ftotal_max_dem= 0.00

400000	 rho_max_sph= 1.78	u_max_sph=24.39	ftotal_max_sph=161015.21

400000	 rho_max_dem=5700.00	u_max_dem= 1.13	ftotal_max_dem= 0.00

save plot...........................
test Particle 4580
time = 0.020000


410000	 rho_max_sph= 1.78	u_max_sph=24.39	ftotal_max_sph=161011.42

410000	 rho_max_dem=5700.00	u_max_dem= 1.12	ftotal_max_dem= 0.00

420000	 rho_max_sph= 1.78	u_max_sph=24.39	ftotal_max_sph=161015.72

420000	 rho_max_dem=5700.00	u_max_dem= 1.12	ftotal_max_dem= 0.00

430000	 rho_max_sph= 1.78	u_max_sph=24.39	ftotal_max_sph=161017.09

430000	 rho_max_dem=5700.00	u_max_dem= 1.11	ftotal_max_dem= 0.00

440000	 rho_max_sph= 1.78	u_max_sph=24.39	ftotal_max_sph=161016.21

440000	 rho_max_dem=5700.00	u_max_dem= 1.11	ftotal_max_dem= 0.00

450000	 rho_max_sph= 1.78	u_max_sph=24.39	ftotal_max_sph=161011.45

450000	 rho_max_dem=5700.00	u_max_dem= 1.10	ftotal_max_dem= 0.00

460000	 rho_max_sph= 1.78	u_max_sph=24.39	ftotal_max_sph=161014.03

460000	 rho_max_dem=5700.00	u_max_dem= 1.10	ftotal_max_dem= 0.00

470000	 rho_max_sph= 1.78	u_max_sph=24.39	ftotal_max_sph=161012.53

470000	 rho_max_dem=5700.00	u_max_dem= 1.09	ftotal_max_dem= 0.00

480000	 rho_max_sph= 1.78	u_max_sph=24.39	ftotal_max_sph=161014.38

480000	 rho_max_dem=5700.00	u_max_dem= 1.09	ftotal_max_dem= 0.00

490000	 rho_max_sph= 1.78	u_max_sph=24.39	ftotal_max_sph=161021.70

490000	 rho_max_dem=5700.00	u_max_dem= 1.09	ftotal_max_dem= 0.00

500000	 rho_max_sph= 1.78	u_max_sph=24.39	ftotal_max_sph=161018.19

500000	 rho_max_dem=5700.00	u_max_dem= 1.08	ftotal_max_dem= 0.00

save plot...........................
test Particle 4580
time = 0.025000


510000	 rho_max_sph= 1.78	u_max_sph=24.39	ftotal_max_sph=161008.54

510000	 rho_max_dem=5700.00	u_max_dem= 1.08	ftotal_max_dem= 0.00

520000	 rho_max_sph= 1.78	u_max_sph=24.39	ftotal_max_sph=161013.96

520000	 rho_max_dem=5700.00	u_max_dem= 1.07	ftotal_max_dem= 0.00

530000	 rho_max_sph= 1.78	u_max_sph=24.39	ftotal_max_sph=161017.36

530000	 rho_max_dem=5700.00	u_max_dem= 1.07	ftotal_max_dem= 0.00

540000	 rho_max_sph= 1.78	u_max_sph=24.39	ftotal_max_sph=161014.37

540000	 rho_max_dem=5700.00	u_max_dem= 1.06	ftotal_max_dem= 0.00

550000	 rho_max_sph= 1.78	u_max_sph=24.39	ftotal_max_sph=161013.50

550000	 rho_max_dem=5700.00	u_max_dem= 1.06	ftotal_max_dem= 0.00

560000	 rho_max_sph= 1.78	u_max_sph=24.39	ftotal_max_sph=161019.64

560000	 rho_max_dem=5700.00	u_max_dem= 1.06	ftotal_max_dem= 0.00

570000	 rho_max_sph= 1.78	u_max_sph=24.39	ftotal_max_sph=161017.45

570000	 rho_max_dem=5700.00	u_max_dem= 1.07	ftotal_max_dem= 0.00

580000	 rho_max_sph= 1.78	u_max_sph=24.39	ftotal_max_sph=161011.80

580000	 rho_max_dem=5700.00	u_max_dem= 1.07	ftotal_max_dem= 0.00

590000	 rho_max_sph= 1.78	u_max_sph=24.39	ftotal_max_sph=161012.17

590000	 rho_max_dem=5700.00	u_max_dem= 1.06	ftotal_max_dem= 0.00

600000	 rho_max_sph= 1.78	u_max_sph=24.39	ftotal_max_sph=161018.21

600000	 rho_max_dem=5700.00	u_max_dem= 1.06	ftotal_max_dem= 0.00

save plot...........................
test Particle 4580
time = 0.030000


610000	 rho_max_sph= 1.78	u_max_sph=24.39	ftotal_max_sph=161021.79

610000	 rho_max_dem=5700.00	u_max_dem= 1.05	ftotal_max_dem= 0.00

620000	 rho_max_sph= 1.78	u_max_sph=24.39	ftotal_max_sph=161021.95

620000	 rho_max_dem=5700.00	u_max_dem= 1.01	ftotal_max_dem= 0.00

630000	 rho_max_sph= 1.78	u_max_sph=24.39	ftotal_max_sph=161015.42

630000	 rho_max_dem=5700.00	u_max_dem= 1.01	ftotal_max_dem= 0.00

640000	 rho_max_sph= 1.78	u_max_sph=24.39	ftotal_max_sph=161008.69

640000	 rho_max_dem=5700.00	u_max_dem= 1.06	ftotal_max_dem= 0.00

650000	 rho_max_sph= 1.78	u_max_sph=24.39	ftotal_max_sph=161016.43

650000	 rho_max_dem=5700.00	u_max_dem= 1.09	ftotal_max_dem= 0.00

660000	 rho_max_sph= 1.78	u_max_sph=24.39	ftotal_max_sph=161012.27

660000	 rho_max_dem=5700.00	u_max_dem= 1.18	ftotal_max_dem= 0.00

670000	 rho_max_sph= 1.78	u_max_sph=24.39	ftotal_max_sph=161026.54

670000	 rho_max_dem=5700.00	u_max_dem= 1.18	ftotal_max_dem= 0.00

680000	 rho_max_sph= 1.78	u_max_sph=24.39	ftotal_max_sph=161025.06

680000	 rho_max_dem=5700.00	u_max_dem= 1.18	ftotal_max_dem= 0.00

690000	 rho_max_sph= 1.78	u_max_sph=24.39	ftotal_max_sph=161012.57

690000	 rho_max_dem=5700.00	u_max_dem= 1.17	ftotal_max_dem= 0.00

700000	 rho_max_sph= 1.78	u_max_sph=24.39	ftotal_max_sph=161005.20

700000	 rho_max_dem=5700.00	u_max_dem= 1.03	ftotal_max_dem= 0.00

save plot...........................
test Particle 4580
time = 0.035000


710000	 rho_max_sph= 1.78	u_max_sph=24.39	ftotal_max_sph=161009.49

710000	 rho_max_dem=5700.00	u_max_dem= 1.05	ftotal_max_dem= 0.00

720000	 rho_max_sph= 1.78	u_max_sph=24.39	ftotal_max_sph=161006.76

720000	 rho_max_dem=5700.00	u_max_dem= 1.06	ftotal_max_dem= 0.00

730000	 rho_max_sph= 1.78	u_max_sph=24.39	ftotal_max_sph=161007.79

730000	 rho_max_dem=5700.00	u_max_dem= 1.07	ftotal_max_dem= 0.00

740000	 rho_max_sph= 1.78	u_max_sph=24.39	ftotal_max_sph=161016.78

740000	 rho_max_dem=5700.00	u_max_dem= 1.07	ftotal_max_dem= 0.00

750000	 rho_max_sph= 1.78	u_max_sph=24.39	ftotal_max_sph=161013.49

750000	 rho_max_dem=5700.00	u_max_dem= 1.05	ftotal_max_dem= 0.00

760000	 rho_max_sph= 1.78	u_max_sph=24.39	ftotal_max_sph=161013.10

760000	 rho_max_dem=5700.00	u_max_dem= 0.96	ftotal_max_dem= 0.00

770000	 rho_max_sph= 1.78	u_max_sph=24.39	ftotal_max_sph=161006.43

770000	 rho_max_dem=5700.00	u_max_dem= 0.96	ftotal_max_dem= 0.00

780000	 rho_max_sph= 1.78	u_max_sph=24.39	ftotal_max_sph=161012.67

780000	 rho_max_dem=5700.00	u_max_dem= 0.98	ftotal_max_dem= 0.00

790000	 rho_max_sph= 1.78	u_max_sph=24.39	ftotal_max_sph=161009.63

790000	 rho_max_dem=5700.00	u_max_dem= 0.97	ftotal_max_dem= 0.00

800000	 rho_max_sph= 1.78	u_max_sph=24.39	ftotal_max_sph=161006.46

800000	 rho_max_dem=5700.00	u_max_dem= 0.96	ftotal_max_dem= 0.00

save plot...........................
test Particle 4580
time = 0.040000


810000	 rho_max_sph= 1.78	u_max_sph=24.39	ftotal_max_sph=161011.43

810000	 rho_max_dem=5700.00	u_max_dem= 0.96	ftotal_max_dem= 0.00

820000	 rho_max_sph= 1.78	u_max_sph=24.39	ftotal_max_sph=161010.80

820000	 rho_max_dem=5700.00	u_max_dem= 0.94	ftotal_max_dem= 0.00

830000	 rho_max_sph= 1.78	u_max_sph=24.39	ftotal_max_sph=161014.00

830000	 rho_max_dem=5700.00	u_max_dem= 0.93	ftotal_max_dem= 0.00

840000	 rho_max_sph= 1.78	u_max_sph=24.39	ftotal_max_sph=161011.81

840000	 rho_max_dem=5700.00	u_max_dem= 0.93	ftotal_max_dem= 0.00

850000	 rho_max_sph= 1.78	u_max_sph=24.39	ftotal_max_sph=161010.75

850000	 rho_max_dem=5700.00	u_max_dem= 0.92	ftotal_max_dem= 0.00

860000	 rho_max_sph= 1.78	u_max_sph=24.39	ftotal_max_sph=161008.02

860000	 rho_max_dem=5700.00	u_max_dem= 0.92	ftotal_max_dem= 0.00

870000	 rho_max_sph= 1.78	u_max_sph=24.39	ftotal_max_sph=161010.16

870000	 rho_max_dem=5700.00	u_max_dem= 0.85	ftotal_max_dem= 0.00

880000	 rho_max_sph= 1.78	u_max_sph=24.39	ftotal_max_sph=161011.90

880000	 rho_max_dem=5700.00	u_max_dem= 0.85	ftotal_max_dem= 0.00

890000	 rho_max_sph= 1.78	u_max_sph=24.39	ftotal_max_sph=161017.14

890000	 rho_max_dem=5700.00	u_max_dem= 0.85	ftotal_max_dem= 0.00

900000	 rho_max_sph= 1.78	u_max_sph=24.39	ftotal_max_sph=161019.12

900000	 rho_max_dem=5700.00	u_max_dem= 0.84	ftotal_max_dem= 0.00

save plot...........................
test Particle 4580
time = 0.045000


910000	 rho_max_sph= 1.78	u_max_sph=24.39	ftotal_max_sph=161016.08

910000	 rho_max_dem=5700.00	u_max_dem= 0.86	ftotal_max_dem= 0.00

920000	 rho_max_sph= 1.78	u_max_sph=24.39	ftotal_max_sph=161012.61

920000	 rho_max_dem=5700.00	u_max_dem= 0.85	ftotal_max_dem= 0.00

930000	 rho_max_sph= 1.78	u_max_sph=24.39	ftotal_max_sph=161009.69

930000	 rho_max_dem=5700.00	u_max_dem= 0.85	ftotal_max_dem= 0.00

940000	 rho_max_sph= 1.78	u_max_sph=24.39	ftotal_max_sph=161006.59

940000	 rho_max_dem=5700.00	u_max_dem= 0.84	ftotal_max_dem= 0.00

950000	 rho_max_sph= 1.78	u_max_sph=24.39	ftotal_max_sph=161007.11

950000	 rho_max_dem=5700.00	u_max_dem= 0.84	ftotal_max_dem= 0.00

960000	 rho_max_sph= 1.78	u_max_sph=24.39	ftotal_max_sph=161007.81

960000	 rho_max_dem=5700.00	u_max_dem= 0.81	ftotal_max_dem= 0.00

970000	 rho_max_sph= 1.78	u_max_sph=24.39	ftotal_max_sph=161009.99

970000	 rho_max_dem=5700.00	u_max_dem= 0.81	ftotal_max_dem= 0.00

980000	 rho_max_sph= 1.78	u_max_sph=24.39	ftotal_max_sph=161012.87

980000	 rho_max_dem=5700.00	u_max_dem= 0.80	ftotal_max_dem= 0.00

990000	 rho_max_sph= 1.78	u_max_sph=24.39	ftotal_max_sph=161012.83

990000	 rho_max_dem=5700.00	u_max_dem= 0.80	ftotal_max_dem= 0.00

1000000	 rho_max_sph= 1.78	u_max_sph=24.39	ftotal_max_sph=161011.81

1000000	 rho_max_dem=5700.00	u_max_dem= 0.74	ftotal_max_dem= 0.00

save plot...........................
test Particle 4580
time = 0.050000


1010000	 rho_max_sph= 1.78	u_max_sph=24.39	ftotal_max_sph=161011.05

1010000	 rho_max_dem=5700.00	u_max_dem= 0.73	ftotal_max_dem= 0.00

1020000	 rho_max_sph= 1.78	u_max_sph=24.39	ftotal_max_sph=161011.73

1020000	 rho_max_dem=5700.00	u_max_dem= 0.73	ftotal_max_dem= 0.00

1030000	 rho_max_sph= 1.78	u_max_sph=24.39	ftotal_max_sph=161012.83

1030000	 rho_max_dem=5700.00	u_max_dem= 0.72	ftotal_max_dem= 0.00

1040000	 rho_max_sph= 1.78	u_max_sph=24.39	ftotal_max_sph=161012.99

1040000	 rho_max_dem=5700.00	u_max_dem= 0.72	ftotal_max_dem= 0.00

1050000	 rho_max_sph= 1.78	u_max_sph=24.39	ftotal_max_sph=161011.21

1050000	 rho_max_dem=5700.00	u_max_dem= 0.71	ftotal_max_dem= 0.00

1060000	 rho_max_sph= 1.78	u_max_sph=24.39	ftotal_max_sph=161008.97

1060000	 rho_max_dem=5700.00	u_max_dem= 0.71	ftotal_max_dem= 0.00

1070000	 rho_max_sph= 1.78	u_max_sph=24.39	ftotal_max_sph=161009.06

1070000	 rho_max_dem=5700.00	u_max_dem= 0.62	ftotal_max_dem= 0.00

1080000	 rho_max_sph= 1.78	u_max_sph=24.39	ftotal_max_sph=161009.98

1080000	 rho_max_dem=5700.00	u_max_dem= 0.59	ftotal_max_dem= 0.00

1090000	 rho_max_sph= 1.78	u_max_sph=24.39	ftotal_max_sph=161011.53

1090000	 rho_max_dem=5700.00	u_max_dem= 0.57	ftotal_max_dem= 0.00

1100000	 rho_max_sph= 1.78	u_max_sph=24.39	ftotal_max_sph=161013.00

1100000	 rho_max_dem=5700.00	u_max_dem= 0.56	ftotal_max_dem= 0.00

save plot...........................
test Particle 4580
time = 0.055000


1110000	 rho_max_sph= 1.78	u_max_sph=24.39	ftotal_max_sph=161014.20

1110000	 rho_max_dem=5700.00	u_max_dem= 0.56	ftotal_max_dem= 0.00

1120000	 rho_max_sph= 1.78	u_max_sph=24.39	ftotal_max_sph=161015.63

1120000	 rho_max_dem=5700.00	u_max_dem= 0.56	ftotal_max_dem= 0.00

1130000	 rho_max_sph= 1.78	u_max_sph=24.39	ftotal_max_sph=161015.62

1130000	 rho_max_dem=5700.00	u_max_dem= 0.56	ftotal_max_dem= 0.00

1140000	 rho_max_sph= 1.78	u_max_sph=24.39	ftotal_max_sph=161015.27

1140000	 rho_max_dem=5700.00	u_max_dem= 0.57	ftotal_max_dem= 0.00

1150000	 rho_max_sph= 1.78	u_max_sph=24.39	ftotal_max_sph=161014.29

1150000	 rho_max_dem=5700.00	u_max_dem= 0.57	ftotal_max_dem= 0.00

1160000	 rho_max_sph= 1.78	u_max_sph=24.39	ftotal_max_sph=161012.57

1160000	 rho_max_dem=5700.00	u_max_dem= 0.57	ftotal_max_dem= 0.00

1170000	 rho_max_sph= 1.78	u_max_sph=24.39	ftotal_max_sph=161010.61

1170000	 rho_max_dem=5700.00	u_max_dem= 0.58	ftotal_max_dem= 0.00

1180000	 rho_max_sph= 1.78	u_max_sph=24.39	ftotal_max_sph=161008.78

1180000	 rho_max_dem=5700.00	u_max_dem= 0.58	ftotal_max_dem= 0.00

1190000	 rho_max_sph= 1.78	u_max_sph=24.39	ftotal_max_sph=161008.18

1190000	 rho_max_dem=5700.00	u_max_dem= 0.58	ftotal_max_dem= 0.00

1200000	 rho_max_sph= 1.78	u_max_sph=24.39	ftotal_max_sph=161009.09

1200000	 rho_max_dem=5700.00	u_max_dem= 0.59	ftotal_max_dem= 0.00

save plot...........................
test Particle 4580
time = 0.060000


1210000	 rho_max_sph= 1.78	u_max_sph=24.39	ftotal_max_sph=161010.87

1210000	 rho_max_dem=5700.00	u_max_dem= 0.59	ftotal_max_dem= 0.00

1220000	 rho_max_sph= 1.78	u_max_sph=24.39	ftotal_max_sph=161012.17

1220000	 rho_max_dem=5700.00	u_max_dem= 0.80	ftotal_max_dem= 0.00

1230000	 rho_max_sph= 1.78	u_max_sph=24.39	ftotal_max_sph=161012.31

1230000	 rho_max_dem=5700.00	u_max_dem= 0.80	ftotal_max_dem= 0.00

1240000	 rho_max_sph= 1.78	u_max_sph=24.39	ftotal_max_sph=161011.99

1240000	 rho_max_dem=5700.00	u_max_dem= 0.80	ftotal_max_dem= 0.00

1250000	 rho_max_sph= 1.78	u_max_sph=24.39	ftotal_max_sph=161011.24

1250000	 rho_max_dem=5700.00	u_max_dem= 0.81	ftotal_max_dem= 0.00

1260000	 rho_max_sph= 1.78	u_max_sph=24.39	ftotal_max_sph=161011.03

1260000	 rho_max_dem=5700.00	u_max_dem= 0.82	ftotal_max_dem= 0.00

1270000	 rho_max_sph= 1.78	u_max_sph=24.39	ftotal_max_sph=161011.27

1270000	 rho_max_dem=5700.00	u_max_dem= 0.84	ftotal_max_dem= 0.00

1280000	 rho_max_sph= 1.78	u_max_sph=24.39	ftotal_max_sph=161011.23

1280000	 rho_max_dem=5700.00	u_max_dem= 0.85	ftotal_max_dem= 0.00

1290000	 rho_max_sph= 1.78	u_max_sph=24.39	ftotal_max_sph=161011.80

1290000	 rho_max_dem=5700.00	u_max_dem= 0.86	ftotal_max_dem= 0.00

1300000	 rho_max_sph= 1.78	u_max_sph=24.39	ftotal_max_sph=161012.09

1300000	 rho_max_dem=5700.00	u_max_dem= 0.88	ftotal_max_dem= 0.00

save plot...........................
test Particle 4580
time = 0.065000


1310000	 rho_max_sph= 1.78	u_max_sph=24.39	ftotal_max_sph=161012.27

1310000	 rho_max_dem=5700.00	u_max_dem= 0.89	ftotal_max_dem= 0.00

1320000	 rho_max_sph= 1.78	u_max_sph=24.39	ftotal_max_sph=161012.70

1320000	 rho_max_dem=5700.00	u_max_dem= 0.90	ftotal_max_dem= 0.00

1330000	 rho_max_sph= 1.78	u_max_sph=24.39	ftotal_max_sph=161012.91

1330000	 rho_max_dem=5700.00	u_max_dem= 0.92	ftotal_max_dem= 0.00

1340000	 rho_max_sph= 1.78	u_max_sph=24.39	ftotal_max_sph=161012.78

1340000	 rho_max_dem=5700.00	u_max_dem= 0.93	ftotal_max_dem= 0.00

1350000	 rho_max_sph= 1.78	u_max_sph=24.39	ftotal_max_sph=161012.24

1350000	 rho_max_dem=5700.00	u_max_dem= 0.95	ftotal_max_dem= 0.00

1360000	 rho_max_sph= 1.78	u_max_sph=24.39	ftotal_max_sph=161011.73

1360000	 rho_max_dem=5700.00	u_max_dem= 0.96	ftotal_max_dem= 0.00

1370000	 rho_max_sph= 1.78	u_max_sph=24.39	ftotal_max_sph=161011.58

1370000	 rho_max_dem=5700.00	u_max_dem= 0.98	ftotal_max_dem= 0.00

1380000	 rho_max_sph= 1.78	u_max_sph=24.39	ftotal_max_sph=161010.93

1380000	 rho_max_dem=5700.00	u_max_dem= 0.99	ftotal_max_dem= 0.00

1390000	 rho_max_sph= 1.78	u_max_sph=24.39	ftotal_max_sph=161011.33

1390000	 rho_max_dem=5700.00	u_max_dem= 1.01	ftotal_max_dem= 0.00

1400000	 rho_max_sph= 1.78	u_max_sph=24.39	ftotal_max_sph=161011.02

1400000	 rho_max_dem=5700.00	u_max_dem= 1.03	ftotal_max_dem= 0.00

save plot...........................
test Particle 4580
time = 0.070000


1410000	 rho_max_sph= 1.78	u_max_sph=24.39	ftotal_max_sph=161010.83

1410000	 rho_max_dem=5700.00	u_max_dem= 0.74	ftotal_max_dem= 0.00

1420000	 rho_max_sph= 1.78	u_max_sph=24.39	ftotal_max_sph=161011.44

1420000	 rho_max_dem=5700.00	u_max_dem= 0.76	ftotal_max_dem= 0.00

1430000	 rho_max_sph= 1.78	u_max_sph=24.39	ftotal_max_sph=161011.90

1430000	 rho_max_dem=5700.00	u_max_dem= 0.77	ftotal_max_dem= 0.00

1440000	 rho_max_sph= 1.78	u_max_sph=24.39	ftotal_max_sph=161011.23

1440000	 rho_max_dem=5700.00	u_max_dem= 0.78	ftotal_max_dem= 0.00

1450000	 rho_max_sph= 1.78	u_max_sph=24.39	ftotal_max_sph=161010.66

1450000	 rho_max_dem=5700.00	u_max_dem= 0.80	ftotal_max_dem= 0.00

1460000	 rho_max_sph= 1.78	u_max_sph=24.39	ftotal_max_sph=161010.30

1460000	 rho_max_dem=5700.00	u_max_dem= 0.81	ftotal_max_dem= 0.00

1470000	 rho_max_sph= 1.78	u_max_sph=24.39	ftotal_max_sph=161010.56

1470000	 rho_max_dem=5700.00	u_max_dem= 0.83	ftotal_max_dem= 0.00

1480000	 rho_max_sph= 1.78	u_max_sph=24.39	ftotal_max_sph=161010.87

1480000	 rho_max_dem=5700.00	u_max_dem= 0.84	ftotal_max_dem= 0.00

1490000	 rho_max_sph= 1.78	u_max_sph=24.39	ftotal_max_sph=161010.43

1490000	 rho_max_dem=5700.00	u_max_dem= 0.86	ftotal_max_dem= 0.00

1500000	 rho_max_sph= 1.78	u_max_sph=24.39	ftotal_max_sph=161010.25

1500000	 rho_max_dem=5700.00	u_max_dem= 0.87	ftotal_max_dem= 0.00

save plot...........................
test Particle 4580
time = 0.075000


1510000	 rho_max_sph= 1.78	u_max_sph=24.39	ftotal_max_sph=161010.09

1510000	 rho_max_dem=5700.00	u_max_dem= 0.88	ftotal_max_dem= 0.00

1520000	 rho_max_sph= 1.78	u_max_sph=24.39	ftotal_max_sph=161010.56

1520000	 rho_max_dem=5700.00	u_max_dem= 0.90	ftotal_max_dem= 0.00

1530000	 rho_max_sph= 1.78	u_max_sph=24.39	ftotal_max_sph=161010.94

1530000	 rho_max_dem=5700.00	u_max_dem= 0.91	ftotal_max_dem= 0.00

1540000	 rho_max_sph= 1.78	u_max_sph=24.39	ftotal_max_sph=161011.28

1540000	 rho_max_dem=5700.00	u_max_dem= 0.93	ftotal_max_dem= 0.00

1550000	 rho_max_sph= 1.78	u_max_sph=24.39	ftotal_max_sph=161011.75

1550000	 rho_max_dem=5700.00	u_max_dem= 0.95	ftotal_max_dem= 0.00

1560000	 rho_max_sph= 1.78	u_max_sph=24.39	ftotal_max_sph=161011.17

1560000	 rho_max_dem=5700.00	u_max_dem= 0.96	ftotal_max_dem= 0.00

1570000	 rho_max_sph= 1.78	u_max_sph=24.39	ftotal_max_sph=161011.66

1570000	 rho_max_dem=5700.00	u_max_dem= 0.98	ftotal_max_dem= 0.00

1580000	 rho_max_sph= 1.78	u_max_sph=24.39	ftotal_max_sph=161011.96

1580000	 rho_max_dem=5700.00	u_max_dem= 0.99	ftotal_max_dem= 0.00

1590000	 rho_max_sph= 1.78	u_max_sph=24.39	ftotal_max_sph=161012.69

1590000	 rho_max_dem=5700.00	u_max_dem= 1.01	ftotal_max_dem= 0.00

1600000	 rho_max_sph= 1.78	u_max_sph=24.39	ftotal_max_sph=161012.15

1600000	 rho_max_dem=5700.00	u_max_dem= 0.96	ftotal_max_dem= 0.00

save plot...........................
test Particle 4580
time = 0.080000


1610000	 rho_max_sph= 1.78	u_max_sph=24.39	ftotal_max_sph=161011.88

1610000	 rho_max_dem=5700.00	u_max_dem= 0.98	ftotal_max_dem= 0.00

1620000	 rho_max_sph= 1.78	u_max_sph=24.39	ftotal_max_sph=161011.28

1620000	 rho_max_dem=5700.00	u_max_dem= 0.99	ftotal_max_dem= 0.00

1630000	 rho_max_sph= 1.78	u_max_sph=24.39	ftotal_max_sph=161011.15

1630000	 rho_max_dem=5700.00	u_max_dem= 1.00	ftotal_max_dem= 0.00

1640000	 rho_max_sph= 1.78	u_max_sph=24.39	ftotal_max_sph=161011.38

1640000	 rho_max_dem=5700.00	u_max_dem= 1.01	ftotal_max_dem= 0.00

1650000	 rho_max_sph= 1.78	u_max_sph=24.39	ftotal_max_sph=161011.77

1650000	 rho_max_dem=5700.00	u_max_dem= 1.03	ftotal_max_dem= 0.00

1660000	 rho_max_sph= 1.78	u_max_sph=24.39	ftotal_max_sph=161011.89

1660000	 rho_max_dem=5700.00	u_max_dem= 1.04	ftotal_max_dem= 0.00

1670000	 rho_max_sph= 1.78	u_max_sph=24.39	ftotal_max_sph=161012.41

1670000	 rho_max_dem=5700.00	u_max_dem= 1.05	ftotal_max_dem= 0.00

1680000	 rho_max_sph= 1.78	u_max_sph=24.39	ftotal_max_sph=161011.44

1680000	 rho_max_dem=5700.00	u_max_dem= 1.07	ftotal_max_dem= 0.00

1690000	 rho_max_sph= 1.78	u_max_sph=24.39	ftotal_max_sph=161011.16

1690000	 rho_max_dem=5700.00	u_max_dem= 1.08	ftotal_max_dem= 0.00

1700000	 rho_max_sph= 1.78	u_max_sph=24.39	ftotal_max_sph=161011.55

1700000	 rho_max_dem=5700.00	u_max_dem= 1.09	ftotal_max_dem= 0.00

save plot...........................
test Particle 4580
time = 0.085000


1710000	 rho_max_sph= 1.78	u_max_sph=24.39	ftotal_max_sph=161013.15

1710000	 rho_max_dem=5700.00	u_max_dem= 1.11	ftotal_max_dem= 0.00

1720000	 rho_max_sph= 1.78	u_max_sph=24.39	ftotal_max_sph=161013.36

1720000	 rho_max_dem=5700.00	u_max_dem= 1.12	ftotal_max_dem= 0.00

1730000	 rho_max_sph= 1.78	u_max_sph=24.39	ftotal_max_sph=161014.22

1730000	 rho_max_dem=5700.00	u_max_dem= 1.14	ftotal_max_dem= 0.00

1740000	 rho_max_sph= 1.78	u_max_sph=24.39	ftotal_max_sph=161013.44

1740000	 rho_max_dem=5700.00	u_max_dem= 1.15	ftotal_max_dem= 0.00

1750000	 rho_max_sph= 1.78	u_max_sph=24.39	ftotal_max_sph=161011.17

1750000	 rho_max_dem=5700.00	u_max_dem= 1.17	ftotal_max_dem= 0.00

1760000	 rho_max_sph= 1.78	u_max_sph=24.39	ftotal_max_sph=161009.82

1760000	 rho_max_dem=5700.00	u_max_dem= 1.19	ftotal_max_dem= 0.00

1770000	 rho_max_sph= 1.78	u_max_sph=24.39	ftotal_max_sph=161008.48

1770000	 rho_max_dem=5700.00	u_max_dem= 1.21	ftotal_max_dem= 0.00

1780000	 rho_max_sph= 1.78	u_max_sph=24.39	ftotal_max_sph=161009.60

1780000	 rho_max_dem=5700.00	u_max_dem= 1.23	ftotal_max_dem= 0.00

1790000	 rho_max_sph= 1.78	u_max_sph=24.39	ftotal_max_sph=161011.90

1790000	 rho_max_dem=5700.00	u_max_dem= 1.25	ftotal_max_dem= 0.00

1800000	 rho_max_sph= 1.78	u_max_sph=24.39	ftotal_max_sph=161011.74

1800000	 rho_max_dem=5700.00	u_max_dem= 1.27	ftotal_max_dem= 0.00

save plot...........................
test Particle 4580
time = 0.090000


1810000	 rho_max_sph= 1.78	u_max_sph=24.39	ftotal_max_sph=161013.23

1810000	 rho_max_dem=5700.00	u_max_dem= 1.29	ftotal_max_dem= 0.00

1820000	 rho_max_sph= 1.78	u_max_sph=24.39	ftotal_max_sph=161013.87

1820000	 rho_max_dem=5700.00	u_max_dem= 1.32	ftotal_max_dem= 0.00

1830000	 rho_max_sph= 1.78	u_max_sph=24.39	ftotal_max_sph=161007.77

1830000	 rho_max_dem=5700.00	u_max_dem= 1.22	ftotal_max_dem= 0.00

1840000	 rho_max_sph= 1.78	u_max_sph=24.39	ftotal_max_sph=161010.01

1840000	 rho_max_dem=5700.00	u_max_dem= 1.25	ftotal_max_dem= 0.00

1850000	 rho_max_sph= 1.78	u_max_sph=24.39	ftotal_max_sph=161010.45

1850000	 rho_max_dem=5700.00	u_max_dem= 1.27	ftotal_max_dem= 0.00

1860000	 rho_max_sph= 1.78	u_max_sph=24.39	ftotal_max_sph=161010.39

1860000	 rho_max_dem=5700.00	u_max_dem= 1.29	ftotal_max_dem= 0.00

1870000	 rho_max_sph= 1.78	u_max_sph=24.39	ftotal_max_sph=161010.59

1870000	 rho_max_dem=5700.00	u_max_dem= 1.31	ftotal_max_dem= 0.00

1880000	 rho_max_sph= 1.78	u_max_sph=24.39	ftotal_max_sph=161013.89

1880000	 rho_max_dem=5700.00	u_max_dem= 1.33	ftotal_max_dem= 0.00

1890000	 rho_max_sph= 1.78	u_max_sph=24.39	ftotal_max_sph=161004.02

1890000	 rho_max_dem=5700.00	u_max_dem= 1.35	ftotal_max_dem= 0.00

1900000	 rho_max_sph= 1.78	u_max_sph=24.39	ftotal_max_sph=161017.71

1900000	 rho_max_dem=5700.00	u_max_dem= 1.37	ftotal_max_dem= 0.00

save plot...........................
test Particle 4580
time = 0.095000


1910000	 rho_max_sph= 1.78	u_max_sph=24.39	ftotal_max_sph=161017.49

1910000	 rho_max_dem=5700.00	u_max_dem= 1.40	ftotal_max_dem= 0.00

1920000	 rho_max_sph= 1.78	u_max_sph=24.39	ftotal_max_sph=161016.26

1920000	 rho_max_dem=5700.00	u_max_dem= 1.36	ftotal_max_dem= 0.00

1930000	 rho_max_sph= 1.78	u_max_sph=24.39	ftotal_max_sph=161014.81

1930000	 rho_max_dem=5700.00	u_max_dem= 1.37	ftotal_max_dem= 0.00

1940000	 rho_max_sph= 1.78	u_max_sph=24.39	ftotal_max_sph=161026.85

1940000	 rho_max_dem=5700.00	u_max_dem= 1.38	ftotal_max_dem= 0.00

1950000	 rho_max_sph= 1.78	u_max_sph=24.39	ftotal_max_sph=161031.02

1950000	 rho_max_dem=5700.00	u_max_dem= 1.39	ftotal_max_dem= 0.00

1960000	 rho_max_sph= 1.78	u_max_sph=24.39	ftotal_max_sph=161049.08

1960000	 rho_max_dem=5700.00	u_max_dem= 1.40	ftotal_max_dem= 0.00

1970000	 rho_max_sph= 1.78	u_max_sph=24.39	ftotal_max_sph=161066.04

1970000	 rho_max_dem=5700.00	u_max_dem= 1.41	ftotal_max_dem= 0.00

1980000	 rho_max_sph= 1.78	u_max_sph=24.39	ftotal_max_sph=161237.74

1980000	 rho_max_dem=5700.00	u_max_dem= 1.41	ftotal_max_dem= 0.00

1990000	 rho_max_sph= 1.78	u_max_sph=24.39	ftotal_max_sph=161630.89

1990000	 rho_max_dem=5700.00	u_max_dem= 1.42	ftotal_max_dem= 0.00

2000000	 rho_max_sph= 1.78	u_max_sph=24.39	ftotal_max_sph=161706.98

2000000	 rho_max_dem=5700.00	u_max_dem= 1.42	ftotal_max_dem= 0.00

save plot...........................
test Particle 4580
time = 0.100000


2010000	 rho_max_sph= 1.78	u_max_sph=24.39	ftotal_max_sph=161955.40

2010000	 rho_max_dem=5700.00	u_max_dem= 1.30	ftotal_max_dem= 0.00

2020000	 rho_max_sph= 1.78	u_max_sph=24.39	ftotal_max_sph=161989.16

2020000	 rho_max_dem=5700.00	u_max_dem= 1.33	ftotal_max_dem= 0.00

2030000	 rho_max_sph= 1.78	u_max_sph=24.39	ftotal_max_sph=163122.44

2030000	 rho_max_dem=5700.00	u_max_dem= 1.19	ftotal_max_dem= 0.00

2040000	 rho_max_sph= 1.78	u_max_